EV2_1_FOREIGN_KEY
MySQL Shell 8.0.32

Copyright (c) 2016, 2023, Oracle and/or its affiliates.
Oracle is a registered trademark of Oracle Corporation and/or its affiliates.
Other names may be trademarks of their respective owners.

Type '\help' or '\?' for help; '\quit' to exit.
 MySQL  JS > \sql
Switching to SQL mode... Commands end with ;
 MySQL  SQL > \connect --mc root@localhost
Creating a Classic session to 'root@localhost'
Please provide the password for 'root@localhost': *******
Save password for 'root@localhost'? [Y]es/[N]o/Ne[v]er (default No): n
Fetching global names for auto-completion... Press ^C to stop.
Your MySQL connection id is 9
Server version: 8.0.32 MySQL Community Server - GPL
No default schema selected; type \use <schema> to set one.
 MySQL  localhost:3306 ssl  SQL > create database eva_2;
Query OK, 1 row affected (0.0111 sec)
 MySQL  localhost:3306 ssl  SQL > show databases;
+--------------------+
| Database           |
+--------------------+
| agencia            |
| credit_cards       |
| eva_2              |
| evaluacion_1       |
| human_resources    |
| information_schema |
| mysql              |
| performance_schema |
| prueba1            |
| prueba2            |
| sakila             |
| sys                |
| world              |
+--------------------+
13 rows in set (0.0018 sec)
 MySQL  localhost:3306 ssl  SQL > \use eva_2
Default schema set to `eva_2`.
Fetching global names, object names from `eva_2` for auto-completion... Press ^C to stop.
 MySQL  localhost:3306 ssl  eva_2  SQL > create table factura(
                                      -> id int auto_increment key,
                                      -> id_cliente int not null);
Query OK, 0 rows affected (0.0324 sec)
 MySQL  localhost:3306 ssl  eva_2  SQL > desc factura;
+------------+------+------+-----+---------+----------------+
| Field      | Type | Null | Key | Default | Extra          |
+------------+------+------+-----+---------+----------------+
| id         | int  | NO   | PRI | NULL    | auto_increment |
| id_cliente | int  | NO   |     | NULL    |                |
+------------+------+------+-----+---------+----------------+
2 rows in set (0.0043 sec)
 MySQL  localhost:3306 ssl  eva_2  SQL > insert into factura(id_cliente) values(1);
Query OK, 1 row affected (0.0106 sec)
 MySQL  localhost:3306 ssl  eva_2  SQL > insert into factura(id_cliente) values(2);
Query OK, 1 row affected (0.0069 sec)
 MySQL  localhost:3306 ssl  eva_2  SQL > insert into factura(id_cliente) values(3);
Query OK, 1 row affected (0.0059 sec)
 MySQL  localhost:3306 ssl  eva_2  SQL > insert into factura(id_cliente) values(4);
Query OK, 1 row affected (0.0065 sec)
 MySQL  localhost:3306 ssl  eva_2  SQL > insert into factura(id_cliente) values(5);
Query OK, 1 row affected (0.0063 sec)
 MySQL  localhost:3306 ssl  eva_2  SQL > insert into factura(id_cliente) values(6);
Query OK, 1 row affected (0.0076 sec)
 MySQL  localhost:3306 ssl  eva_2  SQL > insert into factura(id_cliente) values(7);
Query OK, 1 row affected (0.0059 sec)
 MySQL  localhost:3306 ssl  eva_2  SQL > insert into factura(id_cliente) values(8);
Query OK, 1 row affected (0.0082 sec)
 MySQL  localhost:3306 ssl  eva_2  SQL > insert into factura(id_cliente) values(9);
Query OK, 1 row affected (0.0068 sec)
 MySQL  localhost:3306 ssl  eva_2  SQL > select * from factura;
+----+------------+
| id | id_cliente |
+----+------------+
|  1 |          1 |
|  2 |          2 |
|  3 |          3 |
|  4 |          4 |
|  5 |          5 |
|  6 |          6 |
|  7 |          7 |
|  8 |          8 |
|  9 |          9 |
+----+------------+
9 rows in set (0.0006 sec)
 MySQL  localhost:3306 ssl  eva_2  SQL > create table Detallefactura(
                                      -> id int auto_increment key,
                                      -> id_factura int,
                                      -> id_producto int,
                                      -> foreign key(id_factura)
                                      -> reference factura(id)
                                      -> on delete restrict
                                      -> on update cascade);
ERROR: 1064 (42000): You have an error in your SQL syntax; check the manual that corresponds to your MySQL server version for the right syntax to use near 'reference factura(id)
on delete restrict
on update cascade)' at line 6
 MySQL  localhost:3306 ssl  eva_2  SQL > create table Detallefactura( id int auto_increment key, id_factura int, id_producto int foreign key(id_factura) reference factura(id) on delete restrict on update cascade);
ERROR: 1064 (42000): You have an error in your SQL syntax; check the manual that corresponds to your MySQL server version for the right syntax to use near 'foreign key(id_factura) reference factura(id) on delete restrict on update casca' at line 1
 MySQL  localhost:3306 ssl  eva_2  SQL > create table Detallefactura( id int auto_increment key, id_factura int, id_producto int foreign key(id_factura) references factura(id) on delete restrict on update cascade);
ERROR: 1064 (42000): You have an error in your SQL syntax; check the manual that corresponds to your MySQL server version for the right syntax to use near 'foreign key(id_factura) references factura(id) on delete restrict on update casc' at line 1
 MySQL  localhost:3306 ssl  eva_2  SQL > create table Detallefactura( id int auto_increment key, id_factura int, id_producto int foreign key(id_factura) references factura(id) on delete restrict on update cascade);
ERROR: 1064 (42000): You have an error in your SQL syntax; check the manual that corresponds to your MySQL server version for the right syntax to use near 'foreign key(id_factura) references factura(id) on delete restrict on update casc' at line 1
 MySQL  localhost:3306 ssl  eva_2  SQL > create table Detallefactura( id int auto_increment key, id_factura int, id_producto int, foreign key(id_factura) references factura(id) on delete restrict on update cascade);
Query OK, 0 rows affected (0.0588 sec)
 MySQL  localhost:3306 ssl  eva_2  SQL > insert into Detallefactura(id_factura,id_producto)
                                      -> values('0','1');
ERROR: 1452 (23000): Cannot add or update a child row: a foreign key constraint fails (`eva_2`.`detallefactura`, CONSTRAINT `detallefactura_ibfk_1` FOREIGN KEY (`id_factura`) REFERENCES `factura` (`id`) ON DELETE RESTRICT ON UPDATE CASCADE)
 MySQL  localhost:3306 ssl  eva_2  SQL > insert into Detallefactura(id_factura,id_producto) values('1','1');
Query OK, 1 row affected (0.0078 sec)
 MySQL  localhost:3306 ssl  eva_2  SQL > insert into Detallefactura(id_factura,id_producto) values('2','11');
Query OK, 1 row affected (0.0073 sec)
 MySQL  localhost:3306 ssl  eva_2  SQL > insert into Detallefactura(id_factura,id_producto) values('2','11');
Query OK, 1 row affected (0.0077 sec)
 MySQL  localhost:3306 ssl  eva_2  SQL > insert into Detallefactura(id_factura,id_producto) values('2','11');
Query OK, 1 row affected (0.0065 sec)
 MySQL  localhost:3306 ssl  eva_2  SQL > insert into Detallefactura(id_factura,id_producto) values('3','2');
Query OK, 1 row affected (0.0077 sec)
 MySQL  localhost:3306 ssl  eva_2  SQL > select * from Detallefactura;
+----+------------+-------------+
| id | id_factura | id_producto |
+----+------------+-------------+
|  2 |          1 |           1 |
|  3 |          2 |          11 |
|  4 |          2 |          11 |
|  5 |          2 |          11 |
|  6 |          3 |           2 |
+----+------------+-------------+
5 rows in set (0.0011 sec)
 MySQL  localhost:3306 ssl  eva_2  SQL > desc Detallefactura;
+-------------+------+------+-----+---------+----------------+
| Field       | Type | Null | Key | Default | Extra          |
+-------------+------+------+-----+---------+----------------+
| id          | int  | NO   | PRI | NULL    | auto_increment |
| id_factura  | int  | YES  | MUL | NULL    |                |
| id_producto | int  | YES  |     | NULL    |                |
+-------------+------+------+-----+---------+----------------+
3 rows in set (0.0037 sec)
 MySQL  localhost:3306 ssl  eva_2  SQL > select distinct(id_factura) from detallefactura;
+------------+
| id_factura |
+------------+
|          1 |
|          2 |
|          3 |
+------------+
3 rows in set (0.0056 sec)
 MySQL  localhost:3306 ssl  eva_2  SQL > delete from factura where id=1;
ERROR: 1451 (23000): Cannot delete or update a parent row: a foreign key constraint fails (`eva_2`.`detallefactura`, CONSTRAINT `detallefactura_ibfk_1` FOREIGN KEY (`id_factura`) REFERENCES `factura` (`id`) ON DELETE RESTRICT ON UPDATE CASCADE)
 MySQL  localhost:3306 ssl  eva_2  SQL > delete from factura where id=4;
Query OK, 1 row affected (0.0075 sec)
 MySQL  localhost:3306 ssl  eva_2  SQL > select * from facturas;
ERROR: 1146 (42S02): Table 'eva_2.facturas' doesn't exist
 MySQL  localhost:3306 ssl  eva_2  SQL > select * from factura;
+----+------------+
| id | id_cliente |
+----+------------+
|  1 |          1 |
|  2 |          2 |
|  3 |          3 |
|  5 |          5 |
|  6 |          6 |
|  7 |          7 |
|  8 |          8 |
|  9 |          9 |
+----+------------+
8 rows in set (0.0010 sec)
 MySQL  localhost:3306 ssl  eva_2  SQL > update factura
                                      -> set id = 4
                                      -> where id = 3;
Query OK, 1 row affected (0.0089 sec)

Rows matched: 1  Changed: 1  Warnings: 0
 MySQL  localhost:3306 ssl  eva_2  SQL > select * from datellefactura;
ERROR: 1146 (42S02): Table 'eva_2.datellefactura' doesn't exist
 MySQL  localhost:3306 ssl  eva_2  SQL > select * from datallefactura;
ERROR: 1146 (42S02): Table 'eva_2.datallefactura' doesn't exist
 MySQL  localhost:3306 ssl  eva_2  SQL > select * from detallefactura;
+----+------------+-------------+
| id | id_factura | id_producto |
+----+------------+-------------+
|  2 |          1 |           1 |
|  3 |          2 |          11 |
|  4 |          2 |          11 |
|  5 |          2 |          11 |
|  6 |          4 |           2 |
+----+------------+-------------+
5 rows in set (0.0009 sec)
 MySQL  localhost:3306 ssl  eva_2  SQL > update detallefactura
                                      -> set id_factura = 10
                                      -> where id_factura = 1;
ERROR: 1452 (23000): Cannot add or update a child row: a foreign key constraint fails (`eva_2`.`detallefactura`, CONSTRAINT `detallefactura_ibfk_1` FOREIGN KEY (`id_factura`) REFERENCES `factura` (`id`) ON DELETE RESTRICT ON UPDATE CASCADE)
 MySQL  localhost:3306 ssl  eva_2  SQL > update detallefactura set id_factura = 8 where id_factura = 1;
Query OK, 1 row affected (0.0060 sec)

Rows matched: 1  Changed: 1  Warnings: 0
 MySQL  localhost:3306 ssl  eva_2  SQL > select * from detallefactura;
+----+------------+-------------+
| id | id_factura | id_producto |
+----+------------+-------------+
|  2 |          8 |           1 |
|  3 |          2 |          11 |
|  4 |          2 |          11 |
|  5 |          2 |          11 |
|  6 |          4 |           2 |
+----+------------+-------------+
5 rows in set (0.0009 sec)
 MySQL  localhost:3306 ssl  eva_2  SQL > delete from detallefactura
                                      -> where id=2;
Query OK, 1 row affected (0.0070 sec)
 MySQL  localhost:3306 ssl  eva_2  SQL >