EV2_2_REFERENTIAL_INTEGRITY
MySQL Shell 8.0.32

Copyright (c) 2016, 2023, Oracle and/or its affiliates.
Oracle is a registered trademark of Oracle Corporation and/or its affiliates.
Other names may be trademarks of their respective owners.

Type '\help' or '\?' for help; '\quit' to exit.
 MySQL  JS > \sql
Switching to SQL mode... Commands end with ;
 MySQL  SQL > \connect --mc root@localhost
Creating a Classic session to 'root@localhost'
Please provide the password for 'root@localhost': *******
Save password for 'root@localhost'? [Y]es/[N]o/Ne[v]er (default No): n
Fetching global names for auto-completion... Press ^C to stop.
Your MySQL connection id is 10
Server version: 8.0.32 MySQL Community Server - GPL
No default schema selected; type \use <schema> to set one.
 MySQL  localhost:3306 ssl  SQL > show database;
ERROR: 1064 (42000): You have an error in your SQL syntax; check the manual that corresponds to your MySQL server version for the right syntax to use near 'database' at line 1
 MySQL  localhost:3306 ssl  SQL > show databases;
+--------------------+
| Database           |
+--------------------+
| agencia            |
| credit_cards       |
| eva_2              |
| evaluacion_1       |
| human_resources    |
| information_schema |
| mysql              |
| performance_schema |
| prueba1            |
| prueba2            |
| sakila             |
| sys                |
| world              |
+--------------------+
13 rows in set (0.0020 sec)
 MySQL  localhost:3306 ssl  SQL > \use eva_2
Default schema set to `eva_2`.
Fetching global names, object names from `eva_2` for auto-completion... Press ^C to stop.
 MySQL  localhost:3306 ssl  eva_2  SQL > show tables;
+-----------------+
| Tables_in_eva_2 |
+-----------------+
| detallefactura  |
| factura         |
+-----------------+
2 rows in set (0.0020 sec)
 MySQL  localhost:3306 ssl  eva_2  SQL > desc factura;
+------------+------+------+-----+---------+----------------+
| Field      | Type | Null | Key | Default | Extra          |
+------------+------+------+-----+---------+----------------+
| id         | int  | NO   | PRI | NULL    | auto_increment |
| id_cliente | int  | NO   |     | NULL    |                |
+------------+------+------+-----+---------+----------------+
2 rows in set (0.0029 sec)
 MySQL  localhost:3306 ssl  eva_2  SQL > show create table factura;
+---------+-----------------------------------------------------------------------------------------------------------------------------------------------------------------------------------------------------+
| Table   | Create Table                                                                                                                                                                                        |
+---------+-----------------------------------------------------------------------------------------------------------------------------------------------------------------------------------------------------+
| factura | CREATE TABLE `factura` (
  `id` int NOT NULL AUTO_INCREMENT,
  `id_cliente` int NOT NULL,
  PRIMARY KEY (`id`)
) ENGINE=InnoDB AUTO_INCREMENT=10 DEFAULT CHARSET=utf8mb4 COLLATE=utf8mb4_0900_ai_ci |
+---------+-----------------------------------------------------------------------------------------------------------------------------------------------------------------------------------------------------+
1 row in set (0.0025 sec)
 MySQL  localhost:3306 ssl  eva_2  SQL > show create table detallefactura;
+----------------+----------------------------------------------------------------------------------------------------------------------------------------------------------------------------------------------------------------------------------------------------------------------------------------------------------------------------------------------------------------------------------------------------------------------+
| Table          | Create Table                                                                                                                                                                                                                                                                                                                                                                                                         |
+----------------+----------------------------------------------------------------------------------------------------------------------------------------------------------------------------------------------------------------------------------------------------------------------------------------------------------------------------------------------------------------------------------------------------------------------+
| detallefactura | CREATE TABLE `detallefactura` (
  `id` int NOT NULL AUTO_INCREMENT,
  `id_factura` int DEFAULT NULL,
  `id_producto` int DEFAULT NULL,
  PRIMARY KEY (`id`),
  KEY `id_factura` (`id_factura`),
  CONSTRAINT `detallefactura_ibfk_1` FOREIGN KEY (`id_factura`) REFERENCES `factura` (`id`) ON DELETE RESTRICT ON UPDATE CASCADE
) ENGINE=InnoDB AUTO_INCREMENT=7 DEFAULT CHARSET=utf8mb4 COLLATE=utf8mb4_0900_ai_ci |
+----------------+----------------------------------------------------------------------------------------------------------------------------------------------------------------------------------------------------------------------------------------------------------------------------------------------------------------------------------------------------------------------------------------------------------------------+
1 row in set (0.0017 sec)
 MySQL  localhost:3306 ssl  eva_2  SQL > create table maestro(
                                      -> id int auto_increment key,
                                      -> dato varchar(20));
Query OK, 0 rows affected (0.0311 sec)
 MySQL  localhost:3306 ssl  eva_2  SQL > create table detalle(
                                      -> id int auto_increment key,
                                      -> id_mestro int,
                                      -> dato varchar(20),
                                      -> ..
                                      -> ;
ERROR: 1064 (42000): You have an error in your SQL syntax; check the manual that corresponds to your MySQL server version for the right syntax to use near '..' at line 5
 MySQL  localhost:3306 ssl  eva_2  SQL > create table detalle( id int auto_increment key, id_maestro int, dato varchar(20),
                                      -> foreing key(id_maestro)
                                      -> references maestro(id)
                                      -> on delete restrict
                                      -> ....;
ERROR: 1064 (42000): You have an error in your SQL syntax; check the manual that corresponds to your MySQL server version for the right syntax to use near 'key(id_maestro)
references maestro(id)
on delete restrict
....' at line 2
 MySQL  localhost:3306 ssl  eva_2  SQL > create table detalle( id int auto_increment key, id_maestro int, dato varchar(20), foreing key(id_maestro) references maestro(id) on delete set null on update no action;
ERROR: 1064 (42000): You have an error in your SQL syntax; check the manual that corresponds to your MySQL server version for the right syntax to use near 'key(id_maestro) references maestro(id) on delete set null on update no action' at line 1
 MySQL  localhost:3306 ssl  eva_2  SQL > create table detalle( id int auto_increment key, id_maestro int, dato varchar(20), foreing key(id_maestro) references maestro(id) on delete set null on update no action);
ERROR: 1064 (42000): You have an error in your SQL syntax; check the manual that corresponds to your MySQL server version for the right syntax to use near 'key(id_maestro) references maestro(id) on delete set null on update no action)' at line 1
 MySQL  localhost:3306 ssl  eva_2  SQL > create table detalle( id int auto_increment key, id_maestro int, dato varchar(20), foreing key(id_maestro) references maestro(id) on delete set null on update no action;
ERROR: 1064 (42000): You have an error in your SQL syntax; check the manual that corresponds to your MySQL server version for the right syntax to use near 'key(id_maestro) references maestro(id) on delete set null on update no action' at line 1
 MySQL  localhost:3306 ssl  eva_2  SQL > create table datalle(
                                      -> id int auto_increment key,
                                      -> id_maestro int,
                                      -> dato varchar(20),
                                      -> foreign key(id_maestro)
                                      -> references maestro(id)
                                      -> on delete no action
                                      -> ;;;;
ERROR: 1064 (42000): You have an error in your SQL syntax; check the manual that corresponds to your MySQL server version for the right syntax to use near '' at line 7
ERROR: 1065 (42000): Query was empty
ERROR: 1065 (42000): Query was empty
ERROR: 1065 (42000): Query was empty
 MySQL  localhost:3306 ssl  eva_2  SQL > create table datalle( id int auto_increment key, id_maestro int, dato varchar(20), foreign key(id_maestro) references maestro(id) on delete set null on update no action);
Query OK, 0 rows affected (0.0619 sec)
 MySQL  localhost:3306 ssl  eva_2  SQL > show create table datalle;
+---------+----------------------------------------------------------------------------------------------------------------------------------------------------------------------------------------------------------------------------------------------------------------------------------------------------------------------------------------------------------------------+
| Table   | Create Table                                                                                                                                                                                                                                                                                                                                                         |
+---------+----------------------------------------------------------------------------------------------------------------------------------------------------------------------------------------------------------------------------------------------------------------------------------------------------------------------------------------------------------------------+
| datalle | CREATE TABLE `datalle` (
  `id` int NOT NULL AUTO_INCREMENT,
  `id_maestro` int DEFAULT NULL,
  `dato` varchar(20) DEFAULT NULL,
  PRIMARY KEY (`id`),
  KEY `id_maestro` (`id_maestro`),
  CONSTRAINT `datalle_ibfk_1` FOREIGN KEY (`id_maestro`) REFERENCES `maestro` (`id`) ON DELETE SET NULL
) ENGINE=InnoDB DEFAULT CHARSET=utf8mb4 COLLATE=utf8mb4_0900_ai_ci |
+---------+----------------------------------------------------------------------------------------------------------------------------------------------------------------------------------------------------------------------------------------------------------------------------------------------------------------------------------------------------------------------+
1 row in set (0.0034 sec)
 MySQL  localhost:3306 ssl  eva_2  SQL > insert into detalle(id_maestro, dato)
                                      -> values(5,'aALH');
ERROR: 1146 (42S02): Table 'eva_2.detalle' doesn't exist
 MySQL  localhost:3306 ssl  eva_2  SQL > insert into maestro(dato) value('ALGO');
Query OK, 1 row affected (0.0104 sec)
 MySQL  localhost:3306 ssl  eva_2  SQL > insert into maestro(dato) value('ALGO2');
Query OK, 1 row affected (0.0067 sec)
 MySQL  localhost:3306 ssl  eva_2  SQL > insert into maestro(dato) value('ALGO3');
Query OK, 1 row affected (0.0066 sec)
 MySQL  localhost:3306 ssl  eva_2  SQL > insert into maestro(dato) value('ALGO4');
Query OK, 1 row affected (0.0073 sec)
 MySQL  localhost:3306 ssl  eva_2  SQL > select * from maestro;
+----+-------+
| id | dato  |
+----+-------+
|  1 | ALGO  |
|  2 | ALGO2 |
|  3 | ALGO3 |
|  4 | ALGO4 |
+----+-------+
4 rows in set (0.0006 sec)
 MySQL  localhost:3306 ssl  eva_2  SQL > insert into detalle(id_maestro,dato) values(1,'ALGO');
ERROR: 1146 (42S02): Table 'eva_2.detalle' doesn't exist
 MySQL  localhost:3306 ssl  eva_2  SQL > drop table datalle;
Query OK, 0 rows affected (0.0262 sec)
 MySQL  localhost:3306 ssl  eva_2  SQL > create table detalle( id int auto_increment key, id_maestro int, dato varchar(20), foreign key(id_maestro) references maestro(id) on delete set null on update no action);
Query OK, 0 rows affected (0.0743 sec)
 MySQL  localhost:3306 ssl  eva_2  SQL > insert into detalle(id_maestro,dato) values(1,'ALGO');
Query OK, 1 row affected (0.0088 sec)
 MySQL  localhost:3306 ssl  eva_2  SQL > insert into detalle(id_maestro,dato) values(2,'ALGO');
Query OK, 1 row affected (0.0073 sec)
 MySQL  localhost:3306 ssl  eva_2  SQL > insert into detalle(id_maestro,dato) values(3,'ALGO');
Query OK, 1 row affected (0.0079 sec)
 MySQL  localhost:3306 ssl  eva_2  SQL > insert into detalle(id_maestro,dato) values(4,'ALGO');
Query OK, 1 row affected (0.0070 sec)
 MySQL  localhost:3306 ssl  eva_2  SQL > select * from detalle;
+----+------------+------+
| id | id_maestro | dato |
+----+------------+------+
|  1 |          1 | ALGO |
|  2 |          2 | ALGO |
|  3 |          3 | ALGO |
|  4 |          4 | ALGO |
+----+------------+------+
4 rows in set (0.0009 sec)
 MySQL  localhost:3306 ssl  eva_2  SQL > delete from maestro where id=1;
Query OK, 1 row affected (0.0099 sec)
 MySQL  localhost:3306 ssl  eva_2  SQL > select * from maestro;
+----+-------+
| id | dato  |
+----+-------+
|  2 | ALGO2 |
|  3 | ALGO3 |
|  4 | ALGO4 |
+----+-------+
3 rows in set (0.0009 sec)
 MySQL  localhost:3306 ssl  eva_2  SQL > select * from detalle;
+----+------------+------+
| id | id_maestro | dato |
+----+------------+------+
|  1 |       NULL | ALGO |
|  2 |          2 | ALGO |
|  3 |          3 | ALGO |
|  4 |          4 | ALGO |
+----+------------+------+
4 rows in set (0.0012 sec)
 MySQL  localhost:3306 ssl  eva_2  SQL > update maestro
                                      -> set id =6
                                      -> where id =2;
ERROR: 1451 (23000): Cannot delete or update a parent row: a foreign key constraint fails (`eva_2`.`detalle`, CONSTRAINT `detalle_ibfk_1` FOREIGN KEY (`id_maestro`) REFERENCES `maestro` (`id`) ON DELETE SET NULL)
 MySQL  localhost:3306 ssl  eva_2  SQL > ALTER TABLE empleados RENAME COLUMN nombre TO primer_nombre;
ERROR: 1146 (42S02): Table 'eva_2.empleados' doesn't exist
 MySQL  localhost:3306 ssl  eva_2  SQL > ALTER TABLE maestro RENAME COLUMN dato TO nombre;
Query OK, 0 rows affected (0.0256 sec)

Records: 0  Duplicates: 0  Warnings: 0
 MySQL  localhost:3306 ssl  eva_2  SQL > select * from maestro;
+----+--------+
| id | nombre |
+----+--------+
|  2 | ALGO2  |
|  3 | ALGO3  |
|  4 | ALGO4  |
+----+--------+
3 rows in set (0.0011 sec)
 MySQL  localhost:3306 ssl  eva_2  SQL > create table contacts(
                                      -> id int auto_increment key,
                                      -> nombre varchar(20),
                                      -> company varchar(15),
                                      -> direccion int,
                                      -> zipcode int);
Query OK, 0 rows affected (0.0305 sec)
 MySQL  localhost:3306 ssl  eva_2  SQL > create table phones(
                                      -> id int auto_increment key,
                                      -> contac_id int,
                                      -> phone int);
Query OK, 0 rows affected (0.0258 sec)
 MySQL  localhost:3306 ssl  eva_2  SQL > drop table phones;
Query OK, 0 rows affected (0.0150 sec)
 MySQL  localhost:3306 ssl  eva_2  SQL > create table phones( id int auto_increment key, contac_id int, phone int
                                      -> foreign key(contac_id)
                                      -> references contacts(id)
                                      -> on delete cascade
                                      -> on update cascade);
ERROR: 1064 (42000): You have an error in your SQL syntax; check the manual that corresponds to your MySQL server version for the right syntax to use near 'foreign key(contac_id)
references contacts(id)
on delete cascade
on update casca' at line 2
 MySQL  localhost:3306 ssl  eva_2  SQL > create table phones( id int auto_increment key, contact_id int, phone int, foreign key(contac_id) references contacts(id) on delete cascade on update cascade);
ERROR: 1072 (42000): Key column 'contac_id' doesn't exist in table
 MySQL  localhost:3306 ssl  eva_2  SQL > create table phones( id int auto_increment key, contact_id int, phone int, foreign key(contact_id) references contacts(id) on delete cascade on update cascade);
Query OK, 0 rows affected (0.0592 sec)
 MySQL  localhost:3306 ssl  eva_2  SQL > insert into contacts(nombre,company,direccion,zipcode)
                                      -> values('Joe','ABC',123,12345);
Query OK, 1 row affected (0.0109 sec)
 MySQL  localhost:3306 ssl  eva_2  SQL > insert into contacts(nombre,company,direccion,zipcode) values('Jane','XYZ',456,14454);
Query OK, 1 row affected (0.0071 sec)
 MySQL  localhost:3306 ssl  eva_2  SQL > insert into contacts(nombre,company,direccion,zipcode) values('Chris','PDQ',789,14423);
Query OK, 1 row affected (0.0070 sec)
 MySQL  localhost:3306 ssl  eva_2  SQL > select * from contacts;
+----+--------+---------+-----------+---------+
| id | nombre | company | direccion | zipcode |
+----+--------+---------+-----------+---------+
|  1 | Joe    | ABC     |       123 |   12345 |
|  2 | Jane   | XYZ     |       456 |   14454 |
|  3 | Chris  | PDQ     |       789 |   14423 |
+----+--------+---------+-----------+---------+
3 rows in set (0.0011 sec)
 MySQL  localhost:3306 ssl  eva_2  SQL > insert into phones(contact_id,phone)
                                      -> values(1,5532);
Query OK, 1 row affected (0.0083 sec)
 MySQL  localhost:3306 ssl  eva_2  SQL > insert into phones(contact_id,phone) values(1,2234);
Query OK, 1 row affected (0.0080 sec)
 MySQL  localhost:3306 ssl  eva_2  SQL > insert into phones(contact_id,phone) values(1,3211);
Query OK, 1 row affected (0.0075 sec)
 MySQL  localhost:3306 ssl  eva_2  SQL > insert into phones(contact_id,phone) values(2,3421);
Query OK, 1 row affected (0.0063 sec)
 MySQL  localhost:3306 ssl  eva_2  SQL > insert into phones(contact_id,phone) values(3,2341);
Query OK, 1 row affected (0.0060 sec)
 MySQL  localhost:3306 ssl  eva_2  SQL > insert into phones(contact_id,phone) values(3,6655);
Query OK, 1 row affected (0.0075 sec)
 MySQL  localhost:3306 ssl  eva_2  SQL > select * from phones;
+----+------------+-------+
| id | contact_id | phone |
+----+------------+-------+
|  1 |          1 |  5532 |
|  2 |          1 |  2234 |
|  3 |          1 |  3211 |
|  4 |          2 |  3421 |
|  5 |          3 |  2341 |
|  6 |          3 |  6655 |
+----+------------+-------+
6 rows in set (0.0009 sec)
 MySQL  localhost:3306 ssl  eva_2  SQL > show create table contacts;
+----------+-----------------------------------------------------------------------------------------------------------------------------------------------------------------------------------------------------------------------------------------------------------------------------------------------------------------+
| Table    | Create Table                                                                                                                                                                                                                                                                                                    |
+----------+-----------------------------------------------------------------------------------------------------------------------------------------------------------------------------------------------------------------------------------------------------------------------------------------------------------------+
| contacts | CREATE TABLE `contacts` (
  `id` int NOT NULL AUTO_INCREMENT,
  `nombre` varchar(20) DEFAULT NULL,
  `company` varchar(15) DEFAULT NULL,
  `direccion` int DEFAULT NULL,
  `zipcode` int DEFAULT NULL,
  PRIMARY KEY (`id`)
) ENGINE=InnoDB AUTO_INCREMENT=4 DEFAULT CHARSET=utf8mb4 COLLATE=utf8mb4_0900_ai_ci |
+----------+-----------------------------------------------------------------------------------------------------------------------------------------------------------------------------------------------------------------------------------------------------------------------------------------------------------------+
1 row in set (0.0018 sec)
 MySQL  localhost:3306 ssl  eva_2  SQL > show create table phones;
+--------+------------------------------------------------------------------------------------------------------------------------------------------------------------------------------------------------------------------------------------------------------------------------------------------------------------------------------------------------------------------------------------------------+
| Table  | Create Table                                                                                                                                                                                                                                                                                                                                                                                   |
+--------+------------------------------------------------------------------------------------------------------------------------------------------------------------------------------------------------------------------------------------------------------------------------------------------------------------------------------------------------------------------------------------------------+
| phones | CREATE TABLE `phones` (
  `id` int NOT NULL AUTO_INCREMENT,
  `contact_id` int DEFAULT NULL,
  `phone` int DEFAULT NULL,
  PRIMARY KEY (`id`),
  KEY `contact_id` (`contact_id`),
  CONSTRAINT `phones_ibfk_1` FOREIGN KEY (`contact_id`) REFERENCES `contacts` (`id`) ON DELETE CASCADE ON UPDATE CASCADE
) ENGINE=InnoDB AUTO_INCREMENT=7 DEFAULT CHARSET=utf8mb4 COLLATE=utf8mb4_0900_ai_ci |
+--------+------------------------------------------------------------------------------------------------------------------------------------------------------------------------------------------------------------------------------------------------------------------------------------------------------------------------------------------------------------------------------------------------+
1 row in set (0.0013 sec)
 MySQL  localhost:3306 ssl  eva_2  SQL > select * from contact;
ERROR: 1146 (42S02): Table 'eva_2.contact' doesn't exist
 MySQL  localhost:3306 ssl  eva_2  SQL > select * from contacts;
+----+--------+---------+-----------+---------+
| id | nombre | company | direccion | zipcode |
+----+--------+---------+-----------+---------+
|  1 | Joe    | ABC     |       123 |   12345 |
|  2 | Jane   | XYZ     |       456 |   14454 |
|  3 | Chris  | PDQ     |       789 |   14423 |
+----+--------+---------+-----------+---------+
3 rows in set (0.0013 sec)
 MySQL  localhost:3306 ssl  eva_2  SQL > select * from phones;
+----+------------+-------+
| id | contact_id | phone |
+----+------------+-------+
|  1 |          1 |  5532 |
|  2 |          1 |  2234 |
|  3 |          1 |  3211 |
|  4 |          2 |  3421 |
|  5 |          3 |  2341 |
|  6 |          3 |  6655 |
+----+------------+-------+
6 rows in set (0.0012 sec)
 MySQL  localhost:3306 ssl  eva_2  SQL >